test_burden_can_exceed_one_and_explicit_no_absences_is_zero (research.pgo_nonqb_absence_burden_20260913.test_features.FeatureTests.test_burden_can_exceed_one_and_explicit_no_absences_is_zero) ... FAIL
test_duplicate_eligible_identity_and_invalid_fractions_fail (research.pgo_nonqb_absence_burden_20260913.test_features.FeatureTests.test_duplicate_eligible_identity_and_invalid_fractions_fail) ... FAIL
test_duplicate_history_rejected_and_clock_ties_order_by_game_id (research.pgo_nonqb_absence_burden_20260913.test_features.FeatureTests.test_duplicate_history_rejected_and_clock_ties_order_by_game_id) ... FAIL
test_excludes_noninjury_uncertain_roster_context_qbs_and_specialists (research.pgo_nonqb_absence_burden_20260913.test_features.FeatureTests.test_excludes_noninjury_uncertain_roster_context_qbs_and_specialists) ... FAIL
test_last_four_include_zero_follow_identity_and_leave_input_unchanged (research.pgo_nonqb_absence_burden_20260913.test_features.FeatureTests.test_last_four_include_zero_follow_identity_and_leave_input_unchanged) ... FAIL
test_margin_inputs_have_home_margin_sign_and_unknown_propagates (research.pgo_nonqb_absence_burden_20260913.test_features.FeatureTests.test_margin_inputs_have_home_margin_sign_and_unknown_propagates) ... FAIL
test_missing_history_is_unknown_and_unrelated_observations_do_not_enter (research.pgo_nonqb_absence_burden_20260913.test_features.FeatureTests.test_missing_history_is_unknown_and_unrelated_observations_do_not_enter) ... FAIL
test_missing_reports_identity_usage_or_injury_membership_keep_subtotal (research.pgo_nonqb_absence_burden_20260913.test_features.FeatureTests.test_missing_reports_identity_usage_or_injury_membership_keep_subtotal) ... FAIL
test_selected_bad_values_and_clocks_block_without_older_fallback (research.pgo_nonqb_absence_burden_20260913.test_features.FeatureTests.test_selected_bad_values_and_clocks_block_without_older_fallback) ... FAIL

======================================================================
FAIL: test_burden_can_exceed_one_and_explicit_no_absences_is_zero (research.pgo_nonqb_absence_burden_20260913.test_features.FeatureTests.test_burden_can_exceed_one_and_explicit_no_absences_is_zero)
----------------------------------------------------------------------
Traceback (most recent call last):
  File "D:\CodexWorktrees\Postgame_Outlet-publication-20260909\research\pgo_nonqb_absence_burden_20260913\test_features.py", line 28, in setUp
    self.assertIsNotNone(importlib.util.find_spec(MODULE), 'Feature implementation is missing')
    ~~~~~~~~~~~~~~~~~~~~^^^^^^^^^^^^^^^^^^^^^^^^^^^^^^^^^^^^^^^^^^^^^^^^^^^^^^^^^^^^^^^^^^^^^^^
AssertionError: unexpectedly None : Feature implementation is missing

======================================================================
FAIL: test_duplicate_eligible_identity_and_invalid_fractions_fail (research.pgo_nonqb_absence_burden_20260913.test_features.FeatureTests.test_duplicate_eligible_identity_and_invalid_fractions_fail)
----------------------------------------------------------------------
Traceback (most recent call last):
  File "D:\CodexWorktrees\Postgame_Outlet-publication-20260909\research\pgo_nonqb_absence_burden_20260913\test_features.py", line 28, in setUp
    self.assertIsNotNone(importlib.util.find_spec(MODULE), 'Feature implementation is missing')
    ~~~~~~~~~~~~~~~~~~~~^^^^^^^^^^^^^^^^^^^^^^^^^^^^^^^^^^^^^^^^^^^^^^^^^^^^^^^^^^^^^^^^^^^^^^^
AssertionError: unexpectedly None : Feature implementation is missing

======================================================================
FAIL: test_duplicate_history_rejected_and_clock_ties_order_by_game_id (research.pgo_nonqb_absence_burden_20260913.test_features.FeatureTests.test_duplicate_history_rejected_and_clock_ties_order_by_game_id)
----------------------------------------------------------------------
Traceback (most recent call last):
  File "D:\CodexWorktrees\Postgame_Outlet-publication-20260909\research\pgo_nonqb_absence_burden_20260913\test_features.py", line 28, in setUp
    self.assertIsNotNone(importlib.util.find_spec(MODULE), 'Feature implementation is missing')
    ~~~~~~~~~~~~~~~~~~~~^^^^^^^^^^^^^^^^^^^^^^^^^^^^^^^^^^^^^^^^^^^^^^^^^^^^^^^^^^^^^^^^^^^^^^^
AssertionError: unexpectedly None : Feature implementation is missing

======================================================================
FAIL: test_excludes_noninjury_uncertain_roster_context_qbs_and_specialists (research.pgo_nonqb_absence_burden_20260913.test_features.FeatureTests.test_excludes_noninjury_uncertain_roster_context_qbs_and_specialists)
----------------------------------------------------------------------
Traceback (most recent call last):
  File "D:\CodexWorktrees\Postgame_Outlet-publication-20260909\research\pgo_nonqb_absence_burden_20260913\test_features.py", line 28, in setUp
    self.assertIsNotNone(importlib.util.find_spec(MODULE), 'Feature implementation is missing')
    ~~~~~~~~~~~~~~~~~~~~^^^^^^^^^^^^^^^^^^^^^^^^^^^^^^^^^^^^^^^^^^^^^^^^^^^^^^^^^^^^^^^^^^^^^^^
AssertionError: unexpectedly None : Feature implementation is missing

======================================================================
FAIL: test_last_four_include_zero_follow_identity_and_leave_input_unchanged (research.pgo_nonqb_absence_burden_20260913.test_features.FeatureTests.test_last_four_include_zero_follow_identity_and_leave_input_unchanged)
----------------------------------------------------------------------
Traceback (most recent call last):
  File "D:\CodexWorktrees\Postgame_Outlet-publication-20260909\research\pgo_nonqb_absence_burden_20260913\test_features.py", line 28, in setUp
    self.assertIsNotNone(importlib.util.find_spec(MODULE), 'Feature implementation is missing')
    ~~~~~~~~~~~~~~~~~~~~^^^^^^^^^^^^^^^^^^^^^^^^^^^^^^^^^^^^^^^^^^^^^^^^^^^^^^^^^^^^^^^^^^^^^^^
AssertionError: unexpectedly None : Feature implementation is missing

======================================================================
FAIL: test_margin_inputs_have_home_margin_sign_and_unknown_propagates (research.pgo_nonqb_absence_burden_20260913.test_features.FeatureTests.test_margin_inputs_have_home_margin_sign_and_unknown_propagates)
----------------------------------------------------------------------
Traceback (most recent call last):
  File "D:\CodexWorktrees\Postgame_Outlet-publication-20260909\research\pgo_nonqb_absence_burden_20260913\test_features.py", line 28, in setUp
    self.assertIsNotNone(importlib.util.find_spec(MODULE), 'Feature implementation is missing')
    ~~~~~~~~~~~~~~~~~~~~^^^^^^^^^^^^^^^^^^^^^^^^^^^^^^^^^^^^^^^^^^^^^^^^^^^^^^^^^^^^^^^^^^^^^^^
AssertionError: unexpectedly None : Feature implementation is missing

======================================================================
FAIL: test_missing_history_is_unknown_and_unrelated_observations_do_not_enter (research.pgo_nonqb_absence_burden_20260913.test_features.FeatureTests.test_missing_history_is_unknown_and_unrelated_observations_do_not_enter)
----------------------------------------------------------------------
Traceback (most recent call last):
  File "D:\CodexWorktrees\Postgame_Outlet-publication-20260909\research\pgo_nonqb_absence_burden_20260913\test_features.py", line 28, in setUp
    self.assertIsNotNone(importlib.util.find_spec(MODULE), 'Feature implementation is missing')
    ~~~~~~~~~~~~~~~~~~~~^^^^^^^^^^^^^^^^^^^^^^^^^^^^^^^^^^^^^^^^^^^^^^^^^^^^^^^^^^^^^^^^^^^^^^^
AssertionError: unexpectedly None : Feature implementation is missing

======================================================================
FAIL: test_missing_reports_identity_usage_or_injury_membership_keep_subtotal (research.pgo_nonqb_absence_burden_20260913.test_features.FeatureTests.test_missing_reports_identity_usage_or_injury_membership_keep_subtotal)
----------------------------------------------------------------------
Traceback (most recent call last):
  File "D:\CodexWorktrees\Postgame_Outlet-publication-20260909\research\pgo_nonqb_absence_burden_20260913\test_features.py", line 28, in setUp
    self.assertIsNotNone(importlib.util.find_spec(MODULE), 'Feature implementation is missing')
    ~~~~~~~~~~~~~~~~~~~~^^^^^^^^^^^^^^^^^^^^^^^^^^^^^^^^^^^^^^^^^^^^^^^^^^^^^^^^^^^^^^^^^^^^^^^
AssertionError: unexpectedly None : Feature implementation is missing

======================================================================
FAIL: test_selected_bad_values_and_clocks_block_without_older_fallback (research.pgo_nonqb_absence_burden_20260913.test_features.FeatureTests.test_selected_bad_values_and_clocks_block_without_older_fallback)
----------------------------------------------------------------------
Traceback (most recent call last):
  File "D:\CodexWorktrees\Postgame_Outlet-publication-20260909\research\pgo_nonqb_absence_burden_20260913\test_features.py", line 28, in setUp
    self.assertIsNotNone(importlib.util.find_spec(MODULE), 'Feature implementation is missing')
    ~~~~~~~~~~~~~~~~~~~~^^^^^^^^^^^^^^^^^^^^^^^^^^^^^^^^^^^^^^^^^^^^^^^^^^^^^^^^^^^^^^^^^^^^^^^
AssertionError: unexpectedly None : Feature implementation is missing

----------------------------------------------------------------------
Ran 9 tests in 0.004s

FAILED (failures=9)
